// Jest Snapshot v1, https://goo.gl/fbAQLP

exports[`Test Edit recipe component edits recipes renders the edit recipe form and submits data 1`] = `
<div>
  <div
    className="container"
  >
    <div
      className="row"
    >
      <div
        className="jumbotron"
      >
        <form
          className="form-inline editcategory-form"
          id="editrecipe"
          name="edit-recipe"
          onSubmit={[Function]}
        >
          <div
            className="form-group"
          >
            <input
              className="form-group"
              id="recipe-name"
              name="recipe_name"
              onChange={[Function]}
              placeholder="recipe name"
              required={true}
              value="apples"
            />
          </div>
          <div>
            <input
              className="form-group"
              id="description"
              name="description"
              onChange={[Function]}
              placeholder="description"
              required={true}
              value="this is me"
            />
          </div>
          <div
            className="form-group editing"
          >
            <button
              className="btn btn-success"
              type="submit"
            >
              Edit
            </button>
            <Link
              className="btn btn-success"
              onClick={[Function]}
              replace={false}
              to="#"
            >
              Cancel
            </Link>
          </div>
        </form>
      </div>
    </div>
  </div>
</div>
`;
